// Jest Snapshot v1, https://goo.gl/fbAQLP

exports[`Testing Calculator component Test that Calculator component renders 1`] = `ShallowWrapper {}`;
