// Jest Snapshot v1, https://goo.gl/fbAQLP

exports[`Testing InputButton component Test that InputButton component renders 1`] = `ShallowWrapper {}`;
